2026-09-26 11:15:22 | SentinelX watcher started - monitoring C:\Users\Lenovo\Downloads
2026-09-26 21:46:30 | SentinelX watcher started - monitoring C:\Users\Lenovo\Downloads
2026-09-26 21:49:54 | NEW FILE DETECTED: NIST.SP.800-12r1 (1).pdf
2026-09-26 21:49:55 | FILE=NIST.SP.800-12r1 (1).pdf | HASH=1baa0b89fc554c15b465b6a974be0a63b08124bf5d5987d34e0965fbafea4a2e | VERDICT=ALLOW | REASON=No threats detected
2026-09-26 21:49:55 | Verdict: ALLOW - No threats detected
2026-09-27 21:50:42 | SentinelX watcher started - monitoring C:\Users\Lenovo\Downloads
2026-09-28 16:48:50 | SentinelX watcher started - monitoring C:\Users\Lenovo\Downloads
2026-09-28 21:25:45 | SentinelX watcher started - monitoring C:\Users\Lenovo\Downloads
2026-09-28 23:46:55 | NEW FILE DETECTED: ~$ckson_Kihiko_Resume_TELUS_AI.docx
2026-09-28 23:46:56 | Error scanning ~$ckson_Kihiko_Resume_TELUS_AI.docx: [Errno 2] No such file or directory: 'C:\\Users\\Lenovo\\Downloads\\~$ckson_Kihiko_Resume_TELUS_AI.docx'
2026-09-28 23:47:29 | NEW FILE DETECTED: Jackson_Kihiko_Resume_TELUS_AI.pdf
2026-09-28 23:47:30 | Error scanning Jackson_Kihiko_Resume_TELUS_AI.pdf: [Errno 2] No such file or directory: 'C:\\Users\\Lenovo\\Downloads\\Jackson_Kihiko_Resume_TELUS_AI.pdf'
2026-09-30 00:30:47 | SentinelX watcher started - monitoring C:\Users\Lenovo\Downloads
2026-09-30 07:28:36 | SentinelX watcher started - monitoring C:\Users\Lenovo\Downloads
2026-09-30 16:47:00 | SentinelX watcher started - monitoring C:\Users\Lenovo\Downloads
2026-09-30 18:06:04 | SentinelX watcher started - monitoring C:\Users\Lenovo\Downloads
2026-09-30 18:39:15 | SentinelX watcher started - monitoring C:\Users\Lenovo\Downloads
2026-10-01 19:05:24 | SentinelX watcher started - monitoring C:\Users\Lenovo\Downloads
2026-10-01 21:45:54 | SentinelX watcher started - monitoring C:\Users\Lenovo\Downloads
2026-10-02 12:18:35 | NEW FILE DETECTED: ~$ckson_Karanja_Kihiko_CV (3).docx
2026-10-02 12:18:36 | Error scanning ~$ckson_Karanja_Kihiko_CV (3).docx: [Errno 2] No such file or directory: 'C:\\Users\\Lenovo\\Downloads\\~$ckson_Karanja_Kihiko_CV (3).docx'
2026-10-02 12:19:16 | NEW FILE DETECTED: Jackson_Karanja_Kihiko_CV Africa Development Bank (3).pdf
2026-10-02 12:19:17 | Error scanning Jackson_Karanja_Kihiko_CV Africa Development Bank (3).pdf: [Errno 2] No such file or directory: 'C:\\Users\\Lenovo\\Downloads\\Jackson_Karanja_Kihiko_CV Africa Development Bank (3).pdf'
